Script started on 2026-07-25 16:58:31+01:00 [<not executed on terminal>]
make: Entering directory '/home/sijirama/Desktop/me/coder/pico/bench'
>> building matmul_focused_openblas  (-O2, OpenBLAS)
[01m[K../src/tensor.c:[m[K In function ‘[01m[Kgenerate_random_floats_fast[m[K’:
[01m[K../src/tensor.c:305:20:[m[K [01;35m[Kwarning: [m[Kdereferencing type-punned pointer will break strict-aliasing rules [[01;35m[K]8;;https://gcc.gnu.org/onlinedocs/gcc/Warning-Options.html#index-Wstrict-aliasing-Wstrict-aliasing]8;;[m[K]
  305 |         float f = *[01;35m[K(float*)&bits[m[K;
      |                    [01;35m[K^~~~~~~~~~~~~[m[K
>> running  matmul_focused_openblas


  ════════════════════════════════════════════════════════════

  ████  ███  ███   ███    
  █░░░█  █░░█ ░░░ █ ░░█   
  ████░░ █░░█░ ░░░█░ ░█░  
  █░░░░ ░█░░█░░   █░░ █░░ 
  █░░░░░███░ ███   ███ ░░ 
   ░░    ░░░  ░░░   ░░░ ░ 
    ░     ░░░  ░░░   ░░░  

  ════════════════════════════════════════════════════════════

Initialized the global thread pool
Initialized the global arena allocator (32 MiB)

  focused matmul benchmark   (warmup=2, samples=7, median shown, -O2)
  env: OMP_NUM_THREADS=8 OMP_PROC_BIND=(unset) OMP_PLACES=(unset)
  openmp: max_threads=8 num_procs=12 places=0
  affinity: 0 1 2 3 4 5 6 7 8 9 10 11
  BLAS provider: OpenBLAS
  GFLOP/s columns are min / median / max. Correctness diff is max abs vs reference.

  256^3  (256x256 * 256x256)
  strategy              min     median        max       diff
  -------------------------------------------------------------
  8x8-family          48.75      98.32     145.33  0.000e+00
  16x-family          87.13      94.50     100.79  0.000e+00
  pico-avx            70.17      87.30      95.32  0.000e+00
  OpenBLAS           233.98     254.69     259.88  0.000e+00 ref

  512^3  (512x512 * 512x512)
  strategy              min     median        max       diff
  -------------------------------------------------------------
  8x8-family          71.12      96.91     148.49  0.000e+00
  16x-family          61.45      77.54     137.46  0.000e+00
  pico-avx            69.74      77.18     141.78  0.000e+00
  OpenBLAS           214.41     240.32     296.10  0.000e+00 ref

  768^3  (768x768 * 768x768)
  strategy              min     median        max       diff
  -------------------------------------------------------------
  8x8-family          73.33      80.19      94.58  0.000e+00
  16x-family          74.20      80.00     103.60  0.000e+00
  pico-avx            71.53      79.43     107.45  0.000e+00
  OpenBLAS           216.50     222.24     248.13  0.000e+00 ref

  1024^3  (1024x1024 * 1024x1024)
  strategy              min     median        max       diff
  -------------------------------------------------------------
  8x8-family          37.44      55.76      78.08  0.000e+00
  16x-family          68.42      74.43     121.69  0.000e+00
  pico-avx            71.40      80.72     127.18  0.000e+00
  OpenBLAS           220.20     229.47     250.67  0.000e+00 ref

  wide 512x1024x2048  (512x1024 * 1024x2048)
  strategy              min     median        max       diff
  -------------------------------------------------------------
  8x8-family          40.93      50.57      80.09  0.000e+00
  16x-family          61.32      73.38     133.23  0.000e+00
  pico-avx            64.26      72.72     117.88  0.000e+00
  OpenBLAS           212.96     224.10     278.47  0.000e+00 ref

  tall 2048x1024x512  (2048x1024 * 1024x512)
  strategy              min     median        max       diff
  -------------------------------------------------------------
  8x8-family          71.65      79.60      96.58  0.000e+00
  16x-family          86.02      95.62     167.19  0.000e+00
  pico-avx            88.42      96.30     179.71  0.000e+00
  OpenBLAS           200.12     216.16     224.29  0.000e+00 ref

make: Leaving directory '/home/sijirama/Desktop/me/coder/pico/bench'

Script done on 2026-07-25 16:58:37+01:00 [COMMAND_EXIT_CODE="0"]
