Script started on 2026-07-25 21:35:58+01:00 [<not executed on terminal>]
make: Entering directory '/home/sijirama/Desktop/me/coder/pico/bench'
>> building matmul_focused_openblas  (-O2, OpenBLAS)
[01m[K../src/tensor.c:[m[K In function ‘[01m[Kgenerate_random_floats_fast[m[K’:
[01m[K../src/tensor.c:305:20:[m[K [01;35m[Kwarning: [m[Kdereferencing type-punned pointer will break strict-aliasing rules [[01;35m[K]8;;https://gcc.gnu.org/onlinedocs/gcc/Warning-Options.html#index-Wstrict-aliasing-Wstrict-aliasing]8;;[m[K]
  305 |         float f = *[01;35m[K(float*)&bits[m[K;
      |                    [01;35m[K^~~~~~~~~~~~~[m[K
[01m[K../src/tensor.c:[m[K In function ‘[01m[Kpico_backward[m[K’:
[01m[K../src/tensor.c:30:10:[m[K [01;35m[Kwarning: [m[K‘[01m[K*(struct PicoTensor **)malloc (200)[m[K’ may be used uninitialized [[01;35m[K]8;;https://gcc.gnu.org/onlinedocs/gcc/Warning-Options.html#index-Wmaybe-uninitialized-Wmaybe-uninitialized]8;;[m[K]
   30 |     [01;35m[Kcurr = (struct PicoTensor*)vector.data[0][m[K;
      |     [01;35m[K~~~~~^~~~~~~~~~~~~~~~~~~~~~~~~~~~~~~~~~~~[m[K
>> running  matmul_focused_openblas


  ════════════════════════════════════════════════════════════

  ████  ███  ███   ███    
  █░░░█  █░░█ ░░░ █ ░░█   
  ████░░ █░░█░ ░░░█░ ░█░  
  █░░░░ ░█░░█░░   █░░ █░░ 
  █░░░░░███░ ███   ███ ░░ 
   ░░    ░░░  ░░░   ░░░ ░ 
    ░     ░░░  ░░░   ░░░  

  ════════════════════════════════════════════════════════════

Initialized the global thread pool
Initialized the global arena allocator (32 MiB)

  focused matmul benchmark   (warmup=2, samples=7, median shown, -O2)
  env: OMP_NUM_THREADS=4 OMP_PROC_BIND=(unset) OMP_PLACES=(unset)
  openmp: max_threads=4 num_procs=12 places=0
  affinity: 0 1 2 3 4 5 6 7 8 9 10 11
  BLAS provider: OpenBLAS
  GFLOP/s columns are min / median / max. Correctness diff is max abs vs reference.

  256^3  (256x256 * 256x256)
  strategy              min     median        max       diff
  -------------------------------------------------------------
  8x8-family          76.06     144.41     160.10  0.000e+00
  16x-family         104.52     139.78     144.46  0.000e+00
  pico-avx            71.48     141.08     142.78  0.000e+00
  OpenBLAS           102.24     147.00     151.14  0.000e+00 ref

  512^3  (512x512 * 512x512)
  strategy              min     median        max       diff
  -------------------------------------------------------------
  8x8-family         139.63     151.45     157.87  0.000e+00
  16x-family         142.00     150.90     163.08  0.000e+00
  pico-avx           137.26     156.56     164.59  0.000e+00
  OpenBLAS           143.88     171.38     173.35  0.000e+00 ref

  768^3  (768x768 * 768x768)
  strategy              min     median        max       diff
  -------------------------------------------------------------
  8x8-family          65.58     115.43     124.94  0.000e+00
  16x-family         113.44     121.28     135.23  0.000e+00
  pico-avx           120.21     126.24     135.38  0.000e+00
  OpenBLAS           128.18     139.20     149.33  0.000e+00 ref

  1024^3  (1024x1024 * 1024x1024)
  strategy              min     median        max       diff
  -------------------------------------------------------------
  8x8-family          65.63      68.46      70.49  0.000e+00
  16x-family          97.54     104.73     109.74  0.000e+00
  pico-avx            94.11     104.78     140.09  0.000e+00
  OpenBLAS           131.77     143.01     151.68  0.000e+00 ref

  wide 512x1024x2048  (512x1024 * 1024x2048)
  strategy              min     median        max       diff
  -------------------------------------------------------------
  8x8-family          50.67      60.00      66.61  0.000e+00
  16x-family          75.67      84.49      99.72  0.000e+00
  pico-avx            65.68      84.67      86.75  0.000e+00
  OpenBLAS           125.73     134.70     150.10  0.000e+00 ref

  tall 2048x1024x512  (2048x1024 * 1024x512)
  strategy              min     median        max       diff
  -------------------------------------------------------------
  8x8-family          69.89      79.37      91.20  0.000e+00
  16x-family          59.01     106.60     116.62  0.000e+00
  pico-avx            83.31     112.93     133.65  0.000e+00
  OpenBLAS           110.25     119.70     135.11  0.000e+00 ref

make: Leaving directory '/home/sijirama/Desktop/me/coder/pico/bench'

Script done on 2026-07-25 21:36:05+01:00 [COMMAND_EXIT_CODE="0"]
