Script started on 2026-07-25 16:29:12+01:00 [<not executed on terminal>]
make: Entering directory '/home/sijirama/Desktop/me/coder/pico/bench'
>> building matmul_focused_openblas  (-O2, OpenBLAS)
[01m[K../src/tensor.c:[m[K In function ‘[01m[Kgenerate_random_floats_fast[m[K’:
[01m[K../src/tensor.c:305:20:[m[K [01;35m[Kwarning: [m[Kdereferencing type-punned pointer will break strict-aliasing rules [[01;35m[K]8;;https://gcc.gnu.org/onlinedocs/gcc/Warning-Options.html#index-Wstrict-aliasing-Wstrict-aliasing]8;;[m[K]
  305 |         float f = *[01;35m[K(float*)&bits[m[K;
      |                    [01;35m[K^~~~~~~~~~~~~[m[K
>> running  matmul_focused_openblas


  ════════════════════════════════════════════════════════════

  ████  ███  ███   ███    
  █░░░█  █░░█ ░░░ █ ░░█   
  ████░░ █░░█░ ░░░█░ ░█░  
  █░░░░ ░█░░█░░   █░░ █░░ 
  █░░░░░███░ ███   ███ ░░ 
   ░░    ░░░  ░░░   ░░░ ░ 
    ░     ░░░  ░░░   ░░░  

  ════════════════════════════════════════════════════════════

Initialized the global thread pool
Initialized the global arena allocator (32 MiB)

  focused matmul benchmark   (warmup=2, samples=7, median shown, -O2)
  env: OMP_NUM_THREADS=8 OMP_PROC_BIND=(unset) OMP_PLACES=(unset)
  openmp: max_threads=8 num_procs=12 places=0
  affinity: 0 1 2 3 4 5 6 7 8 9 10 11
  BLAS provider: OpenBLAS
  GFLOP/s columns are min / median / max. Correctness diff is max abs vs reference.

  256^3  (256x256 * 256x256)
  strategy              min     median        max       diff
  -------------------------------------------------------------
  8x8-family          54.75      70.69      72.76  0.000e+00
  16x-family          32.89      43.72      46.65  0.000e+00
  pico-avx            34.59      48.99      71.57  0.000e+00
  OpenBLAS           107.51     110.31     139.28        ref

  512^3  (512x512 * 512x512)
  strategy              min     median        max       diff
  -------------------------------------------------------------
  8x8-family          36.51      57.71      90.99  0.000e+00
  16x-family          35.43      55.17     160.09  0.000e+00
  pico-avx            98.42     108.56     185.41  0.000e+00
  OpenBLAS           144.81     180.72     225.80        ref

  768^3  (768x768 * 768x768)
  strategy              min     median        max       diff
  -------------------------------------------------------------
  8x8-family          59.39      66.32     142.08  0.000e+00
  16x-family         116.82     130.37     183.01  0.000e+00
  pico-avx           118.34     136.26     152.94  0.000e+00
  OpenBLAS           151.87     162.33     175.84        ref

  1024^3  (1024x1024 * 1024x1024)
  strategy              min     median        max       diff
  -------------------------------------------------------------
  8x8-family          70.47      75.52      83.11  0.000e+00
  16x-family          96.53     100.62     111.74  0.000e+00
  pico-avx            97.87     108.03     112.44  0.000e+00
  OpenBLAS           155.82     172.34     179.59        ref

  wide 512x1024x2048  (512x1024 * 1024x2048)
  strategy              min     median        max       diff
  -------------------------------------------------------------
  8x8-family          65.82      68.75      76.98  0.000e+00
  16x-family          89.38      92.29     105.83  0.000e+00
  pico-avx            89.32      92.20     102.75  0.000e+00
  OpenBLAS           157.43     173.99     180.30        ref

  tall 2048x1024x512  (2048x1024 * 1024x512)
  strategy              min     median        max       diff
  -------------------------------------------------------------
  8x8-family          85.15      99.90     111.85  0.000e+00
  16x-family         126.97     129.70     134.12  0.000e+00
  pico-avx           126.85     133.70     135.11  0.000e+00
  OpenBLAS           148.78     163.21     175.16        ref

make: Leaving directory '/home/sijirama/Desktop/me/coder/pico/bench'

Script done on 2026-07-25 16:29:18+01:00 [COMMAND_EXIT_CODE="0"]
