Script started on 2026-07-25 16:29:45+01:00 [<not executed on terminal>]
make: Entering directory '/home/sijirama/Desktop/me/coder/pico/bench'
>> building matmul_focused_openblas  (-O2, OpenBLAS)
[01m[K../src/tensor.c:[m[K In function ‘[01m[Kgenerate_random_floats_fast[m[K’:
[01m[K../src/tensor.c:305:20:[m[K [01;35m[Kwarning: [m[Kdereferencing type-punned pointer will break strict-aliasing rules [[01;35m[K]8;;https://gcc.gnu.org/onlinedocs/gcc/Warning-Options.html#index-Wstrict-aliasing-Wstrict-aliasing]8;;[m[K]
  305 |         float f = *[01;35m[K(float*)&bits[m[K;
      |                    [01;35m[K^~~~~~~~~~~~~[m[K
>> running  matmul_focused_openblas


  ════════════════════════════════════════════════════════════

  ████  ███  ███   ███    
  █░░░█  █░░█ ░░░ █ ░░█   
  ████░░ █░░█░ ░░░█░ ░█░  
  █░░░░ ░█░░█░░   █░░ █░░ 
  █░░░░░███░ ███   ███ ░░ 
   ░░    ░░░  ░░░   ░░░ ░ 
    ░     ░░░  ░░░   ░░░  

  ════════════════════════════════════════════════════════════

Initialized the global thread pool
Initialized the global arena allocator (32 MiB)

  focused matmul benchmark   (warmup=2, samples=7, median shown, -O2)
  env: OMP_NUM_THREADS=8 OMP_PROC_BIND=(unset) OMP_PLACES=(unset)
  openmp: max_threads=8 num_procs=12 places=0
  affinity: 0 1 2 3 4 5 6 7 8 9 10 11
  BLAS provider: OpenBLAS
  GFLOP/s columns are min / median / max. Correctness diff is max abs vs reference.

  256^3  (256x256 * 256x256)
  strategy              min     median        max       diff
  -------------------------------------------------------------
  8x8-family          26.81      44.09      56.97  0.000e+00
  16x-family          37.92      53.41      61.51  0.000e+00
  pico-avx            55.38      61.07      90.41  0.000e+00
  OpenBLAS           115.25     129.32     135.62        ref

  512^3  (512x512 * 512x512)
  strategy              min     median        max       diff
  -------------------------------------------------------------
  8x8-family          48.76      60.50      68.93  0.000e+00
  16x-family          45.29      64.06      72.36  0.000e+00
  pico-avx            98.33     106.30     116.03  0.000e+00
  OpenBLAS           102.79     144.20     152.08        ref

  768^3  (768x768 * 768x768)
  strategy              min     median        max       diff
  -------------------------------------------------------------
  8x8-family          56.22      71.39     114.01  0.000e+00
  16x-family         107.35     118.58     130.68  0.000e+00
  pico-avx           110.26     125.26     129.86  0.000e+00
  OpenBLAS           142.44     149.02     165.87        ref

  1024^3  (1024x1024 * 1024x1024)
  strategy              min     median        max       diff
  -------------------------------------------------------------
  8x8-family          70.79      76.07      89.20  0.000e+00
  16x-family          84.73     107.21     116.86  0.000e+00
  pico-avx            93.26     102.34     116.30  0.000e+00
  OpenBLAS           160.72     164.09     191.04        ref

  wide 512x1024x2048  (512x1024 * 1024x2048)
  strategy              min     median        max       diff
  -------------------------------------------------------------
  8x8-family          66.05      68.89      76.03  0.000e+00
  16x-family          89.73      94.56     109.30  0.000e+00
  pico-avx            83.51     104.51     111.98  0.000e+00
  OpenBLAS           158.70     170.96     181.53        ref

  tall 2048x1024x512  (2048x1024 * 1024x512)
  strategy              min     median        max       diff
  -------------------------------------------------------------
  8x8-family          99.30     105.34     113.21  0.000e+00
  16x-family         131.08     133.21     142.06  0.000e+00
  pico-avx           123.86     133.67     139.15  0.000e+00
  OpenBLAS           155.78     167.47     174.99        ref

make: Leaving directory '/home/sijirama/Desktop/me/coder/pico/bench'

Script done on 2026-07-25 16:29:51+01:00 [COMMAND_EXIT_CODE="0"]
