Script started on 2026-07-25 16:29:00+01:00 [<not executed on terminal>]
make: Entering directory '/home/sijirama/Desktop/me/coder/pico/bench'
>> building matmul_focused_openblas  (-O2, OpenBLAS)
[01m[K../src/tensor.c:[m[K In function ‘[01m[Kgenerate_random_floats_fast[m[K’:
[01m[K../src/tensor.c:305:20:[m[K [01;35m[Kwarning: [m[Kdereferencing type-punned pointer will break strict-aliasing rules [[01;35m[K]8;;https://gcc.gnu.org/onlinedocs/gcc/Warning-Options.html#index-Wstrict-aliasing-Wstrict-aliasing]8;;[m[K]
  305 |         float f = *[01;35m[K(float*)&bits[m[K;
      |                    [01;35m[K^~~~~~~~~~~~~[m[K
>> running  matmul_focused_openblas


  ════════════════════════════════════════════════════════════

  ████  ███  ███   ███    
  █░░░█  █░░█ ░░░ █ ░░█   
  ████░░ █░░█░ ░░░█░ ░█░  
  █░░░░ ░█░░█░░   █░░ █░░ 
  █░░░░░███░ ███   ███ ░░ 
   ░░    ░░░  ░░░   ░░░ ░ 
    ░     ░░░  ░░░   ░░░  

  ════════════════════════════════════════════════════════════

Initialized the global thread pool
Initialized the global arena allocator (32 MiB)

  focused matmul benchmark   (warmup=2, samples=7, median shown, -O2)
  env: OMP_NUM_THREADS=8 OMP_PROC_BIND=(unset) OMP_PLACES=(unset)
  openmp: max_threads=8 num_procs=12 places=0
  affinity: 0 1 2 3 4 5 6 7 8 9 10 11
  BLAS provider: OpenBLAS
  GFLOP/s columns are min / median / max. Correctness diff is max abs vs reference.

  256^3  (256x256 * 256x256)
  strategy              min     median        max       diff
  -------------------------------------------------------------
  8x8-family          58.00      69.63      70.56  0.000e+00
  16x-family          32.58      58.03      62.46  0.000e+00
  pico-avx            42.20      60.66      63.45  0.000e+00
  OpenBLAS           110.20     118.15     134.95        ref

  512^3  (512x512 * 512x512)
  strategy              min     median        max       diff
  -------------------------------------------------------------
  8x8-family          31.06      50.35      95.91  0.000e+00
  16x-family          38.87      50.44     190.99  0.000e+00
  pico-avx           103.02     162.58     181.42  0.000e+00
  OpenBLAS           127.07     214.88     219.83        ref

  768^3  (768x768 * 768x768)
  strategy              min     median        max       diff
  -------------------------------------------------------------
  8x8-family          61.18      87.83     145.01  0.000e+00
  16x-family          97.76     131.41     170.16  0.000e+00
  pico-avx           113.31     143.50     173.64  0.000e+00
  OpenBLAS           141.07     185.36     226.78        ref

  1024^3  (1024x1024 * 1024x1024)
  strategy              min     median        max       diff
  -------------------------------------------------------------
  8x8-family          71.08      74.32      90.58  0.000e+00
  16x-family          92.76     109.50     116.65  0.000e+00
  pico-avx            88.85     108.39     112.13  0.000e+00
  OpenBLAS           156.44     171.01     186.11        ref

  wide 512x1024x2048  (512x1024 * 1024x2048)
  strategy              min     median        max       diff
  -------------------------------------------------------------
  8x8-family          68.54      71.22      77.04  0.000e+00
  16x-family          84.69      93.60     104.28  0.000e+00
  pico-avx            88.91      95.79     111.66  0.000e+00
  OpenBLAS           162.89     176.15     180.09        ref

  tall 2048x1024x512  (2048x1024 * 1024x512)
  strategy              min     median        max       diff
  -------------------------------------------------------------
  8x8-family          91.54     101.08     110.17  0.000e+00
  16x-family         127.55     129.76     135.88  0.000e+00
  pico-avx           128.49     134.28     138.74  0.000e+00
  OpenBLAS           153.52     165.06     176.10        ref

make: Leaving directory '/home/sijirama/Desktop/me/coder/pico/bench'

Script done on 2026-07-25 16:29:07+01:00 [COMMAND_EXIT_CODE="0"]
