make: Entering directory '/home/sijirama/Desktop/me/coder/pico/bench'
>> building matmul_focused_openblas  (-O2, OpenBLAS)
../src/tensor.c: In function ‘generate_random_floats_fast’:
../src/tensor.c:305:20: warning: dereferencing type-punned pointer will break strict-aliasing rules [-Wstrict-aliasing]
  305 |         float f = *(float*)&bits;
      |                    ^~~~~~~~~~~~~
>> running  matmul_focused_openblas


  ════════════════════════════════════════════════════════════

  ████  ███  ███   ███    
  █░░░█  █░░█ ░░░ █ ░░█   
  ████░░ █░░█░ ░░░█░ ░█░  
  █░░░░ ░█░░█░░   █░░ █░░ 
  █░░░░░███░ ███   ███ ░░ 
   ░░    ░░░  ░░░   ░░░ ░ 
    ░     ░░░  ░░░   ░░░  

  ════════════════════════════════════════════════════════════

Initialized the global thread pool
Initialized the global arena allocator (32 MiB)

  focused matmul benchmark   (warmup=2, samples=7, median shown, -O2)
  env: OMP_NUM_THREADS=8 OMP_PROC_BIND=(unset) OMP_PLACES=(unset)
  openmp: max_threads=8 num_procs=12 places=0
  affinity: 0 1 2 3 4 5 6 7 8 9 10 11
  BLAS provider: OpenBLAS
  GFLOP/s columns are min / median / max. Correctness diff is max abs vs reference.

  256^3  (256x256 * 256x256)
  strategy              min     median        max       diff
  -------------------------------------------------------------
  8x8-family          70.94     128.75     145.10  0.000e+00
  16x-family          83.18     128.47     143.58  0.000e+00
  pico-avx            91.99     116.07     131.77  0.000e+00
  OpenBLAS           228.72     234.54     242.65  0.000e+00 ref

  512^3  (512x512 * 512x512)
  strategy              min     median        max       diff
  -------------------------------------------------------------
  8x8-family          70.05     104.95     117.50  0.000e+00
  16x-family          58.61      89.35     116.01  0.000e+00
  pico-avx            68.56      88.09     126.32  0.000e+00
  OpenBLAS           216.78     224.06     231.65  0.000e+00 ref

  768^3  (768x768 * 768x768)
  strategy              min     median        max       diff
  -------------------------------------------------------------
  8x8-family          46.58      69.69      75.94  0.000e+00
  16x-family          62.06      77.71      99.65  0.000e+00
  pico-avx            55.37      92.65     111.94  0.000e+00
  OpenBLAS           171.13     188.28     191.81  0.000e+00 ref

  1024^3  (1024x1024 * 1024x1024)
  strategy              min     median        max       diff
  -------------------------------------------------------------
  8x8-family          33.99      41.98      65.93  0.000e+00
  16x-family          51.52      69.90      91.16  0.000e+00
  pico-avx            56.83      64.75     109.18  0.000e+00
  OpenBLAS           153.65     167.25     174.67  0.000e+00 ref

  wide 512x1024x2048  (512x1024 * 1024x2048)
  strategy              min     median        max       diff
  -------------------------------------------------------------
  8x8-family          25.17      41.59      52.87  0.000e+00
  16x-family          41.02      54.01      69.88  0.000e+00
  pico-avx            55.34      63.40      80.68  0.000e+00
  OpenBLAS            95.58     160.17     179.60  0.000e+00 ref

  tall 2048x1024x512  (2048x1024 * 1024x512)
  strategy              min     median        max       diff
  -------------------------------------------------------------
  8x8-family          46.84      58.92      70.23  0.000e+00
  16x-family          56.54      84.23     128.38  0.000e+00
  pico-avx            61.63      83.80     137.29  0.000e+00
  OpenBLAS           149.44     151.63     161.36  0.000e+00 ref

make: Leaving directory '/home/sijirama/Desktop/me/coder/pico/bench'
