make: Entering directory '/home/sijirama/Desktop/me/coder/pico/bench'
>> building matmul_focused_openblas  (-O2, OpenBLAS)
../src/tensor.c: In function ‘generate_random_floats_fast’:
../src/tensor.c:305:20: warning: dereferencing type-punned pointer will break strict-aliasing rules [-Wstrict-aliasing]
  305 |         float f = *(float*)&bits;
      |                    ^~~~~~~~~~~~~
>> running  matmul_focused_openblas


  ════════════════════════════════════════════════════════════

  ████  ███  ███   ███    
  █░░░█  █░░█ ░░░ █ ░░█   
  ████░░ █░░█░ ░░░█░ ░█░  
  █░░░░ ░█░░█░░   █░░ █░░ 
  █░░░░░███░ ███   ███ ░░ 
   ░░    ░░░  ░░░   ░░░ ░ 
    ░     ░░░  ░░░   ░░░  

  ════════════════════════════════════════════════════════════

Initialized the global thread pool
Initialized the global arena allocator (32 MiB)

  focused matmul benchmark   (warmup=2, samples=7, median shown, -O2)
  env: OMP_NUM_THREADS=8 OMP_PROC_BIND=(unset) OMP_PLACES=(unset)
  openmp: max_threads=8 num_procs=12 places=0
  affinity: 0 1 2 3 4 5 6 7 8 9 10 11
  BLAS provider: OpenBLAS
  GFLOP/s columns are min / median / max. Correctness diff is max abs vs reference.

  256^3  (256x256 * 256x256)
  strategy              min     median        max       diff
  -------------------------------------------------------------
  8x8-family          52.72      82.53     116.32  0.000e+00
  16x-family          51.39      76.90     135.47  0.000e+00
  pico-avx            62.60      78.89      89.07  0.000e+00
  OpenBLAS           182.73     217.08     224.60  0.000e+00 ref

  512^3  (512x512 * 512x512)
  strategy              min     median        max       diff
  -------------------------------------------------------------
  8x8-family          57.13      97.91     105.56  0.000e+00
  16x-family          71.34      93.53     113.60  0.000e+00
  pico-avx            64.98     107.59     140.04  0.000e+00
  OpenBLAS           189.22     208.32     217.59  0.000e+00 ref

  768^3  (768x768 * 768x768)
  strategy              min     median        max       diff
  -------------------------------------------------------------
  8x8-family          43.19      72.81      81.35  0.000e+00
  16x-family          60.49      70.51     102.49  0.000e+00
  pico-avx            57.97      71.67      74.67  0.000e+00
  OpenBLAS           145.23     156.98     172.10  0.000e+00 ref

  1024^3  (1024x1024 * 1024x1024)
  strategy              min     median        max       diff
  -------------------------------------------------------------
  8x8-family          30.46      41.11      52.81  0.000e+00
  16x-family          42.15      58.65      98.71  0.000e+00
  pico-avx            56.41      65.98      96.71  0.000e+00
  OpenBLAS           138.49     140.70     144.04  0.000e+00 ref

  wide 512x1024x2048  (512x1024 * 1024x2048)
  strategy              min     median        max       diff
  -------------------------------------------------------------
  8x8-family          18.82      35.11      46.18  0.000e+00
  16x-family          33.51      45.12      79.39  0.000e+00
  pico-avx            31.07      52.82      84.50  0.000e+00
  OpenBLAS            73.25     113.98     134.54  0.000e+00 ref

  tall 2048x1024x512  (2048x1024 * 1024x512)
  strategy              min     median        max       diff
  -------------------------------------------------------------
  8x8-family          33.66      46.11      74.70  0.000e+00
  16x-family          66.19      77.47     121.38  0.000e+00
  pico-avx            48.67      72.91     124.72  0.000e+00
  OpenBLAS           124.46     131.67     133.14  0.000e+00 ref

make: Leaving directory '/home/sijirama/Desktop/me/coder/pico/bench'
