make: Entering directory '/home/sijirama/Desktop/me/coder/pico/bench'
>> building matmul_focused_openblas  (-O2, OpenBLAS)
../src/tensor.c: In function ‘generate_random_floats_fast’:
../src/tensor.c:305:20: warning: dereferencing type-punned pointer will break strict-aliasing rules [-Wstrict-aliasing]
  305 |         float f = *(float*)&bits;
      |                    ^~~~~~~~~~~~~
>> running  matmul_focused_openblas


  ════════════════════════════════════════════════════════════

  ████  ███  ███   ███    
  █░░░█  █░░█ ░░░ █ ░░█   
  ████░░ █░░█░ ░░░█░ ░█░  
  █░░░░ ░█░░█░░   █░░ █░░ 
  █░░░░░███░ ███   ███ ░░ 
   ░░    ░░░  ░░░   ░░░ ░ 
    ░     ░░░  ░░░   ░░░  

  ════════════════════════════════════════════════════════════

Initialized the global thread pool
Initialized the global arena allocator (32 MiB)

  focused matmul benchmark   (warmup=2, samples=7, median shown, -O2)
  env: OMP_NUM_THREADS=1 OMP_PROC_BIND=(unset) OMP_PLACES=(unset)
  openmp: max_threads=1 num_procs=12 places=0
  affinity: 0 1 2 3 4 5 6 7 8 9 10 11
  BLAS provider: OpenBLAS
  GFLOP/s columns are min / median / max. Correctness diff is max abs vs reference.

  256^3  (256x256 * 256x256)
  strategy              min     median        max       diff
  -------------------------------------------------------------
  8x8-family          46.00      77.54      84.79  0.000e+00
  16x-family          61.59     104.77     110.45  0.000e+00
  pico-avx           103.45     109.06     111.19  0.000e+00
  OpenBLAS            80.27     121.65     127.50  0.000e+00 ref

  512^3  (512x512 * 512x512)
  strategy              min     median        max       diff
  -------------------------------------------------------------
  8x8-family          42.57      49.61      55.65  0.000e+00
  16x-family          62.59      71.15      93.46  0.000e+00
  pico-avx            63.59      75.87      77.47  0.000e+00
  OpenBLAS            87.87     116.86     129.05  0.000e+00 ref

  768^3  (768x768 * 768x768)
  strategy              min     median        max       diff
  -------------------------------------------------------------
  8x8-family          41.07      42.88      44.84  0.000e+00
  16x-family          71.08      77.21      82.36  0.000e+00
  pico-avx            75.31      78.22      80.88  0.000e+00
  OpenBLAS            99.60     106.16     111.29  0.000e+00 ref

  1024^3  (1024x1024 * 1024x1024)
  strategy              min     median        max       diff
  -------------------------------------------------------------
  8x8-family          34.20      37.40      39.14  0.000e+00
  16x-family          58.19      59.35      61.58  0.000e+00
  pico-avx            58.21      60.13      61.41  0.000e+00
  OpenBLAS           101.75     114.11     116.29  0.000e+00 ref

  wide 512x1024x2048  (512x1024 * 1024x2048)
  strategy              min     median        max       diff
  -------------------------------------------------------------
  8x8-family          15.41      16.12      16.98  0.000e+00
  16x-family          26.57      32.14      33.64  0.000e+00
  pico-avx            31.32      32.42      33.90  0.000e+00
  OpenBLAS           100.51     110.35     113.35  0.000e+00 ref

  tall 2048x1024x512  (2048x1024 * 1024x512)
  strategy              min     median        max       diff
  -------------------------------------------------------------
  8x8-family          50.54      51.96      54.14  0.000e+00
  16x-family          67.82      71.40      73.56  0.000e+00
  pico-avx            68.69      70.41      73.00  0.000e+00
  OpenBLAS            94.56     100.01     107.48  0.000e+00 ref

make: Leaving directory '/home/sijirama/Desktop/me/coder/pico/bench'
