make: Entering directory '/home/sijirama/Desktop/me/coder/pico/bench'
>> building matmul_focused_openblas  (-O2, OpenBLAS)
../src/tensor.c: In function ‘generate_random_floats_fast’:
../src/tensor.c:305:20: warning: dereferencing type-punned pointer will break strict-aliasing rules [-Wstrict-aliasing]
  305 |         float f = *(float*)&bits;
      |                    ^~~~~~~~~~~~~
>> running  matmul_focused_openblas


  ════════════════════════════════════════════════════════════

  ████  ███  ███   ███    
  █░░░█  █░░█ ░░░ █ ░░█   
  ████░░ █░░█░ ░░░█░ ░█░  
  █░░░░ ░█░░█░░   █░░ █░░ 
  █░░░░░███░ ███   ███ ░░ 
   ░░    ░░░  ░░░   ░░░ ░ 
    ░     ░░░  ░░░   ░░░  

  ════════════════════════════════════════════════════════════

Initialized the global thread pool
Initialized the global arena allocator (32 MiB)

  focused matmul benchmark   (warmup=2, samples=7, median shown, -O2)
  env: OMP_NUM_THREADS=4 OMP_PROC_BIND=(unset) OMP_PLACES=(unset)
  openmp: max_threads=4 num_procs=12 places=0
  affinity: 0 1 2 3 4 5 6 7 8 9 10 11
  BLAS provider: OpenBLAS
  GFLOP/s columns are min / median / max. Correctness diff is max abs vs reference.

  256^3  (256x256 * 256x256)
  strategy              min     median        max       diff
  -------------------------------------------------------------
  8x8-family         118.62     124.49     139.49  0.000e+00
  16x-family         115.85     121.59     132.18  0.000e+00
  pico-avx            95.62     128.77     131.34  0.000e+00
  OpenBLAS           151.05     158.81     165.51  0.000e+00 ref

  512^3  (512x512 * 512x512)
  strategy              min     median        max       diff
  -------------------------------------------------------------
  8x8-family         118.08     130.59     142.08  0.000e+00
  16x-family          95.43     111.75     137.80  0.000e+00
  pico-avx           100.57     117.92     123.35  0.000e+00
  OpenBLAS           142.76     163.64     169.74  0.000e+00 ref

  768^3  (768x768 * 768x768)
  strategy              min     median        max       diff
  -------------------------------------------------------------
  8x8-family         115.95     119.07     122.34  0.000e+00
  16x-family          99.76     102.29     102.93  0.000e+00
  pico-avx           100.67     102.01     104.03  0.000e+00
  OpenBLAS           133.31     139.84     141.56  0.000e+00 ref

  1024^3  (1024x1024 * 1024x1024)
  strategy              min     median        max       diff
  -------------------------------------------------------------
  8x8-family          61.58      67.20      68.00  0.000e+00
  16x-family          70.15      76.19      87.94  0.000e+00
  pico-avx            68.96      75.91      99.92  0.000e+00
  OpenBLAS           139.14     142.95     164.03  0.000e+00 ref

  wide 512x1024x2048  (512x1024 * 1024x2048)
  strategy              min     median        max       diff
  -------------------------------------------------------------
  8x8-family          52.54      58.80      63.62  0.000e+00
  16x-family          64.15      68.59      84.67  0.000e+00
  pico-avx            59.42      67.95      81.80  0.000e+00
  OpenBLAS           137.71     138.70     164.67  0.000e+00 ref

  tall 2048x1024x512  (2048x1024 * 1024x512)
  strategy              min     median        max       diff
  -------------------------------------------------------------
  8x8-family          84.06      89.31      92.95  0.000e+00
  16x-family          86.07      90.17      94.72  0.000e+00
  pico-avx            86.61      89.87     118.19  0.000e+00
  OpenBLAS           134.10     137.59     145.21  0.000e+00 ref

make: Leaving directory '/home/sijirama/Desktop/me/coder/pico/bench'
