make: Entering directory '/home/sijirama/Desktop/me/coder/pico/bench'
>> building matmul_focused_openblas  (-O2, OpenBLAS)
../src/tensor.c: In function ‘generate_random_floats_fast’:
../src/tensor.c:305:20: warning: dereferencing type-punned pointer will break strict-aliasing rules [-Wstrict-aliasing]
  305 |         float f = *(float*)&bits;
      |                    ^~~~~~~~~~~~~
>> running  matmul_focused_openblas


  ════════════════════════════════════════════════════════════

  ████  ███  ███   ███    
  █░░░█  █░░█ ░░░ █ ░░█   
  ████░░ █░░█░ ░░░█░ ░█░  
  █░░░░ ░█░░█░░   █░░ █░░ 
  █░░░░░███░ ███   ███ ░░ 
   ░░    ░░░  ░░░   ░░░ ░ 
    ░     ░░░  ░░░   ░░░  

  ════════════════════════════════════════════════════════════

Initialized the global thread pool
Initialized the global arena allocator (32 MiB)

  focused matmul benchmark   (warmup=2, samples=7, median shown, -O2)
  env: OMP_NUM_THREADS=2 OMP_PROC_BIND=(unset) OMP_PLACES=(unset)
  openmp: max_threads=2 num_procs=12 places=0
  affinity: 0 1 2 3 4 5 6 7 8 9 10 11
  BLAS provider: OpenBLAS
  GFLOP/s columns are min / median / max. Correctness diff is max abs vs reference.

  256^3  (256x256 * 256x256)
  strategy              min     median        max       diff
  -------------------------------------------------------------
  8x8-family          49.39      75.02      84.24  0.000e+00
  16x-family          44.68      65.34      76.57  0.000e+00
  pico-avx            43.93      61.65      76.40  0.000e+00
  OpenBLAS            93.84     200.01     209.75  0.000e+00 ref

  512^3  (512x512 * 512x512)
  strategy              min     median        max       diff
  -------------------------------------------------------------
  8x8-family          76.54      80.45      83.48  0.000e+00
  16x-family          62.41      66.14      71.98  0.000e+00
  pico-avx            61.38      73.60      86.41  0.000e+00
  OpenBLAS            86.98     158.27     210.75  0.000e+00 ref

  768^3  (768x768 * 768x768)
  strategy              min     median        max       diff
  -------------------------------------------------------------
  8x8-family          71.97      75.13      76.90  0.000e+00
  16x-family          70.02      73.85      80.01  0.000e+00
  pico-avx            66.70      73.30      81.38  0.000e+00
  OpenBLAS            82.90     193.78     231.18  0.000e+00 ref

  1024^3  (1024x1024 * 1024x1024)
  strategy              min     median        max       diff
  -------------------------------------------------------------
  8x8-family          50.11      51.75      63.68  0.000e+00
  16x-family          61.71      64.06      91.64  0.000e+00
  pico-avx            63.09      63.99      91.50  0.000e+00
  OpenBLAS            93.98     204.22     209.66  0.000e+00 ref

  wide 512x1024x2048  (512x1024 * 1024x2048)
  strategy              min     median        max       diff
  -------------------------------------------------------------
  8x8-family          36.10      39.36      40.45  0.000e+00
  16x-family          43.46      50.09      56.35  0.000e+00
  pico-avx            46.33      50.47      60.60  0.000e+00
  OpenBLAS           172.76     194.96     203.20  0.000e+00 ref

  tall 2048x1024x512  (2048x1024 * 1024x512)
  strategy              min     median        max       diff
  -------------------------------------------------------------
  8x8-family          58.70      70.56      72.83  0.000e+00
  16x-family          73.45      75.27     102.54  0.000e+00
  pico-avx            73.67      75.04     107.30  0.000e+00
  OpenBLAS           164.04     179.92     198.38  0.000e+00 ref

make: Leaving directory '/home/sijirama/Desktop/me/coder/pico/bench'
