make: Entering directory '/home/sijirama/Desktop/me/coder/pico/bench'
>> building matmul_focused_openblas  (-O2, OpenBLAS)
../src/tensor.c: In function ‘generate_random_floats_fast’:
../src/tensor.c:305:20: warning: dereferencing type-punned pointer will break strict-aliasing rules [-Wstrict-aliasing]
  305 |         float f = *(float*)&bits;
      |                    ^~~~~~~~~~~~~
>> running  matmul_focused_openblas


  ════════════════════════════════════════════════════════════

  ████  ███  ███   ███    
  █░░░█  █░░█ ░░░ █ ░░█   
  ████░░ █░░█░ ░░░█░ ░█░  
  █░░░░ ░█░░█░░   █░░ █░░ 
  █░░░░░███░ ███   ███ ░░ 
   ░░    ░░░  ░░░   ░░░ ░ 
    ░     ░░░  ░░░   ░░░  

  ════════════════════════════════════════════════════════════

Initialized the global thread pool
Initialized the global arena allocator (32 MiB)

  focused matmul benchmark   (warmup=2, samples=7, median shown, -O2)
  env: OMP_NUM_THREADS=8 OMP_PROC_BIND=(unset) OMP_PLACES=(unset)
  openmp: max_threads=8 num_procs=12 places=0
  affinity: 0 1 2 3 4 5 6 7 8 9 10 11
  BLAS provider: OpenBLAS
  GFLOP/s columns are min / median / max. Correctness diff is max abs vs reference.

  256^3  (256x256 * 256x256)
  strategy              min     median        max       diff
  -------------------------------------------------------------
  8x8-family          66.78      73.87     143.45  0.000e+00
  16x-family          72.81      77.31     121.93  0.000e+00
  pico-avx            64.08      77.02     119.63  0.000e+00
  OpenBLAS           242.30     247.71     261.10  0.000e+00 ref

  512^3  (512x512 * 512x512)
  strategy              min     median        max       diff
  -------------------------------------------------------------
  8x8-family          61.47      80.74     117.11  0.000e+00
  16x-family          51.46      66.88      90.18  0.000e+00
  pico-avx            66.01      68.94     106.01  0.000e+00
  OpenBLAS           222.49     243.61     270.04  0.000e+00 ref

  768^3  (768x768 * 768x768)
  strategy              min     median        max       diff
  -------------------------------------------------------------
  8x8-family          76.71      81.55     106.49  0.000e+00
  16x-family          49.39      64.89      90.61  0.000e+00
  pico-avx            64.19      70.17     115.85  0.000e+00
  OpenBLAS           171.04     222.66     250.38  0.000e+00 ref

  1024^3  (1024x1024 * 1024x1024)
  strategy              min     median        max       diff
  -------------------------------------------------------------
  8x8-family          44.14      53.68     104.41  0.000e+00
  16x-family          61.05      77.11     145.08  0.000e+00
  pico-avx            65.34      72.64     147.21  0.000e+00
  OpenBLAS           227.36     233.87     252.22  0.000e+00 ref

  wide 512x1024x2048  (512x1024 * 1024x2048)
  strategy              min     median        max       diff
  -------------------------------------------------------------
  8x8-family          44.08      49.13      98.08  0.000e+00
  16x-family          47.40      59.58     119.01  0.000e+00
  pico-avx            50.06      70.86     112.81  0.000e+00
  OpenBLAS           214.92     228.65     260.37  0.000e+00 ref

  tall 2048x1024x512  (2048x1024 * 1024x512)
  strategy              min     median        max       diff
  -------------------------------------------------------------
  8x8-family          59.97      78.87      96.51  0.000e+00
  16x-family          66.26      82.83     151.24  0.000e+00
  pico-avx            68.39      98.68     165.17  0.000e+00
  OpenBLAS           199.10     217.79     239.83  0.000e+00 ref

make: Leaving directory '/home/sijirama/Desktop/me/coder/pico/bench'
