make: Entering directory '/home/sijirama/Desktop/me/coder/pico/bench'
>> building matmul_focused_openblas  (-O2, OpenBLAS)
../src/tensor.c: In function ‘generate_random_floats_fast’:
../src/tensor.c:305:20: warning: dereferencing type-punned pointer will break strict-aliasing rules [-Wstrict-aliasing]
  305 |         float f = *(float*)&bits;
      |                    ^~~~~~~~~~~~~
>> running  matmul_focused_openblas


  ════════════════════════════════════════════════════════════

  ████  ███  ███   ███    
  █░░░█  █░░█ ░░░ █ ░░█   
  ████░░ █░░█░ ░░░█░ ░█░  
  █░░░░ ░█░░█░░   █░░ █░░ 
  █░░░░░███░ ███   ███ ░░ 
   ░░    ░░░  ░░░   ░░░ ░ 
    ░     ░░░  ░░░   ░░░  

  ════════════════════════════════════════════════════════════

Initialized the global thread pool
Initialized the global arena allocator (32 MiB)

  focused matmul benchmark   (warmup=2, samples=7, median shown, -O2)
  env: OMP_NUM_THREADS=8 OMP_PROC_BIND=(unset) OMP_PLACES=(unset)
  openmp: max_threads=8 num_procs=12 places=0
  affinity: 0 1 2 3 4 5 6 7 8 9 10 11
  BLAS provider: OpenBLAS
  GFLOP/s columns are min / median / max. Correctness diff is max abs vs reference.

  256^3  (256x256 * 256x256)
  strategy              min     median        max       diff
  -------------------------------------------------------------
  8x8-family          66.09      98.15     101.03  0.000e+00
  16x-family          37.03      80.78     135.96  0.000e+00
  pico-avx            51.12      80.21     125.03  0.000e+00
  OpenBLAS           194.05     249.68     253.39  0.000e+00 ref

  512^3  (512x512 * 512x512)
  strategy              min     median        max       diff
  -------------------------------------------------------------
  8x8-family          63.21      80.59     138.29  0.000e+00
  16x-family          47.03      85.85     120.06  0.000e+00
  pico-avx            61.62      80.95      99.61  0.000e+00
  OpenBLAS           146.32     241.83     273.95  0.000e+00 ref

  768^3  (768x768 * 768x768)
  strategy              min     median        max       diff
  -------------------------------------------------------------
  8x8-family          58.01      65.70      86.68  0.000e+00
  16x-family          56.62      78.36      87.58  0.000e+00
  pico-avx            60.48      69.67      82.45  0.000e+00
  OpenBLAS           175.82     192.61     204.46  0.000e+00 ref

  1024^3  (1024x1024 * 1024x1024)
  strategy              min     median        max       diff
  -------------------------------------------------------------
  8x8-family          36.49      45.58      68.62  0.000e+00
  16x-family          56.37      59.71     108.72  0.000e+00
  pico-avx            55.10      74.37     126.32  0.000e+00
  OpenBLAS           177.15     183.13     188.12  0.000e+00 ref

  wide 512x1024x2048  (512x1024 * 1024x2048)
  strategy              min     median        max       diff
  -------------------------------------------------------------
  8x8-family          36.90      44.51      66.13  0.000e+00
  16x-family          55.58      66.98     101.91  0.000e+00
  pico-avx            49.01      71.42      93.28  0.000e+00
  OpenBLAS           181.32     186.97     200.21  0.000e+00 ref

  tall 2048x1024x512  (2048x1024 * 1024x512)
  strategy              min     median        max       diff
  -------------------------------------------------------------
  8x8-family          50.87      56.44      93.34  0.000e+00
  16x-family          59.49      74.00     132.80  0.000e+00
  pico-avx            58.56      65.71     135.81  0.000e+00
  OpenBLAS           151.26     166.10     172.72  0.000e+00 ref

make: Leaving directory '/home/sijirama/Desktop/me/coder/pico/bench'
