make: Entering directory '/home/sijirama/Desktop/me/coder/pico/bench'
>> building matmul_focused_openblas  (-O2, OpenBLAS)
../src/tensor.c: In function ‘generate_random_floats_fast’:
../src/tensor.c:305:20: warning: dereferencing type-punned pointer will break strict-aliasing rules [-Wstrict-aliasing]
  305 |         float f = *(float*)&bits;
      |                    ^~~~~~~~~~~~~
>> running  matmul_focused_openblas


  ════════════════════════════════════════════════════════════

  ████  ███  ███   ███    
  █░░░█  █░░█ ░░░ █ ░░█   
  ████░░ █░░█░ ░░░█░ ░█░  
  █░░░░ ░█░░█░░   █░░ █░░ 
  █░░░░░███░ ███   ███ ░░ 
   ░░    ░░░  ░░░   ░░░ ░ 
    ░     ░░░  ░░░   ░░░  

  ════════════════════════════════════════════════════════════

Initialized the global thread pool
Initialized the global arena allocator (32 MiB)

  focused matmul benchmark   (warmup=2, samples=7, median shown, -O2)
  env: OMP_NUM_THREADS=1 OMP_PROC_BIND=(unset) OMP_PLACES=(unset)
  openmp: max_threads=1 num_procs=12 places=0
  affinity: 0 1 2 3 4 5 6 7 8 9 10 11
  BLAS provider: OpenBLAS
  GFLOP/s columns are min / median / max. Correctness diff is max abs vs reference.

  256^3  (256x256 * 256x256)
  strategy              min     median        max       diff
  -------------------------------------------------------------
  8x8-family          71.48      74.19      75.41  0.000e+00
  16x-family         102.39     118.89     119.56  0.000e+00
  pico-avx            96.84     110.46     119.79  0.000e+00
  OpenBLAS            91.48     111.86     113.09  0.000e+00 ref

  512^3  (512x512 * 512x512)
  strategy              min     median        max       diff
  -------------------------------------------------------------
  8x8-family          44.13      45.91      55.72  0.000e+00
  16x-family          59.87      76.75      90.93  0.000e+00
  pico-avx            63.59      69.66      91.00  0.000e+00
  OpenBLAS            86.51     108.14     119.04  0.000e+00 ref

  768^3  (768x768 * 768x768)
  strategy              min     median        max       diff
  -------------------------------------------------------------
  8x8-family          38.66      39.79      40.38  0.000e+00
  16x-family          48.29      62.88      68.42  0.000e+00
  pico-avx            57.73      62.84      66.78  0.000e+00
  OpenBLAS            98.80     102.78     110.63  0.000e+00 ref

  1024^3  (1024x1024 * 1024x1024)
  strategy              min     median        max       diff
  -------------------------------------------------------------
  8x8-family          32.22      32.54      33.67  0.000e+00
  16x-family          45.12      51.38      53.16  0.000e+00
  pico-avx            50.97      52.61      53.23  0.000e+00
  OpenBLAS            90.95     103.33     104.85  0.000e+00 ref

  wide 512x1024x2048  (512x1024 * 1024x2048)
  strategy              min     median        max       diff
  -------------------------------------------------------------
  8x8-family          13.63      14.38      14.76  0.000e+00
  16x-family          17.09      19.85      20.72  0.000e+00
  pico-avx            19.02      20.14      20.93  0.000e+00
  OpenBLAS            94.36     102.73     109.06  0.000e+00 ref

  tall 2048x1024x512  (2048x1024 * 1024x512)
  strategy              min     median        max       diff
  -------------------------------------------------------------
  8x8-family          44.08      48.02      51.61  0.000e+00
  16x-family          62.04      68.80      71.27  0.000e+00
  pico-avx            65.10      68.57      71.11  0.000e+00
  OpenBLAS            87.54      91.79      96.79  0.000e+00 ref

make: Leaving directory '/home/sijirama/Desktop/me/coder/pico/bench'
