make: Entering directory '/home/sijirama/Desktop/me/coder/pico/bench'
>> building matmul_focused_openblas  (-O2, OpenBLAS)
../src/tensor.c: In function ‘generate_random_floats_fast’:
../src/tensor.c:305:20: warning: dereferencing type-punned pointer will break strict-aliasing rules [-Wstrict-aliasing]
  305 |         float f = *(float*)&bits;
      |                    ^~~~~~~~~~~~~
>> running  matmul_focused_openblas


  ════════════════════════════════════════════════════════════

  ████  ███  ███   ███    
  █░░░█  █░░█ ░░░ █ ░░█   
  ████░░ █░░█░ ░░░█░ ░█░  
  █░░░░ ░█░░█░░   █░░ █░░ 
  █░░░░░███░ ███   ███ ░░ 
   ░░    ░░░  ░░░   ░░░ ░ 
    ░     ░░░  ░░░   ░░░  

  ════════════════════════════════════════════════════════════

Initialized the global thread pool
Initialized the global arena allocator (32 MiB)

  focused matmul benchmark   (warmup=2, samples=7, median shown, -O2)
  env: OMP_NUM_THREADS=2 OMP_PROC_BIND=(unset) OMP_PLACES=(unset)
  openmp: max_threads=2 num_procs=12 places=0
  affinity: 0 1 2 3 4 5 6 7 8 9 10 11
  BLAS provider: OpenBLAS
  GFLOP/s columns are min / median / max. Correctness diff is max abs vs reference.

  256^3  (256x256 * 256x256)
  strategy              min     median        max       diff
  -------------------------------------------------------------
  8x8-family          56.37      68.51      78.95  0.000e+00
  16x-family          62.40      67.36      75.41  0.000e+00
  pico-avx            59.31      72.55      81.99  0.000e+00
  OpenBLAS            78.15      82.99      83.38  0.000e+00 ref

  512^3  (512x512 * 512x512)
  strategy              min     median        max       diff
  -------------------------------------------------------------
  8x8-family          34.20      72.38      75.25  0.000e+00
  16x-family          59.68      63.65      77.81  0.000e+00
  pico-avx            63.35      73.50      80.44  0.000e+00
  OpenBLAS            72.82     176.27     218.19  0.000e+00 ref

  768^3  (768x768 * 768x768)
  strategy              min     median        max       diff
  -------------------------------------------------------------
  8x8-family          48.21      57.85      59.09  0.000e+00
  16x-family          58.41      60.99      68.24  0.000e+00
  pico-avx            57.58      61.32      76.96  0.000e+00
  OpenBLAS           169.30     199.61     205.74  0.000e+00 ref

  1024^3  (1024x1024 * 1024x1024)
  strategy              min     median        max       diff
  -------------------------------------------------------------
  8x8-family          35.42      37.70      60.52  0.000e+00
  16x-family          49.21      55.11      67.05  0.000e+00
  pico-avx            55.19      59.35      99.40  0.000e+00
  OpenBLAS            98.61     181.83     197.53  0.000e+00 ref

  wide 512x1024x2048  (512x1024 * 1024x2048)
  strategy              min     median        max       diff
  -------------------------------------------------------------
  8x8-family          19.51      20.48      23.89  0.000e+00
  16x-family          33.30      46.57      51.92  0.000e+00
  pico-avx            37.63      50.84      53.68  0.000e+00
  OpenBLAS           102.66     165.42     192.19  0.000e+00 ref

  tall 2048x1024x512  (2048x1024 * 1024x512)
  strategy              min     median        max       diff
  -------------------------------------------------------------
  8x8-family          51.08      57.00      88.12  0.000e+00
  16x-family          58.40      60.45     117.27  0.000e+00
  pico-avx            46.52      68.43     117.69  0.000e+00
  OpenBLAS            91.37     167.64     178.92  0.000e+00 ref

make: Leaving directory '/home/sijirama/Desktop/me/coder/pico/bench'
