make: Entering directory '/home/sijirama/Desktop/me/coder/pico/bench'
>> building matmul_focused_openblas  (-O2, OpenBLAS)
../src/tensor.c: In function ‘generate_random_floats_fast’:
../src/tensor.c:305:20: warning: dereferencing type-punned pointer will break strict-aliasing rules [-Wstrict-aliasing]
  305 |         float f = *(float*)&bits;
      |                    ^~~~~~~~~~~~~
>> running  matmul_focused_openblas


  ════════════════════════════════════════════════════════════

  ████  ███  ███   ███    
  █░░░█  █░░█ ░░░ █ ░░█   
  ████░░ █░░█░ ░░░█░ ░█░  
  █░░░░ ░█░░█░░   █░░ █░░ 
  █░░░░░███░ ███   ███ ░░ 
   ░░    ░░░  ░░░   ░░░ ░ 
    ░     ░░░  ░░░   ░░░  

  ════════════════════════════════════════════════════════════

Initialized the global thread pool
Initialized the global arena allocator (32 MiB)

  focused matmul benchmark   (warmup=2, samples=7, median shown, -O2)
  env: OMP_NUM_THREADS=2 OMP_PROC_BIND=(unset) OMP_PLACES=(unset)
  openmp: max_threads=2 num_procs=12 places=0
  affinity: 0 1 2 3 4 5 6 7 8 9 10 11
  BLAS provider: OpenBLAS
  GFLOP/s columns are min / median / max. Correctness diff is max abs vs reference.

  256^3  (256x256 * 256x256)
  strategy              min     median        max       diff
  -------------------------------------------------------------
  8x8-family          67.91      75.14      81.83  0.000e+00
  16x-family          72.46      81.13     119.74  0.000e+00
  pico-avx            58.02      75.55      82.48  0.000e+00
  OpenBLAS            76.86      81.47      83.39  0.000e+00 ref

  512^3  (512x512 * 512x512)
  strategy              min     median        max       diff
  -------------------------------------------------------------
  8x8-family          68.36      70.05      75.56  0.000e+00
  16x-family          59.89      72.60     100.08  0.000e+00
  pico-avx            64.50      73.70     115.63  0.000e+00
  OpenBLAS            71.61     202.21     213.03  0.000e+00 ref

  768^3  (768x768 * 768x768)
  strategy              min     median        max       diff
  -------------------------------------------------------------
  8x8-family          50.63      59.60      63.15  0.000e+00
  16x-family          72.24      76.30      81.56  0.000e+00
  pico-avx            67.38      78.62      84.96  0.000e+00
  OpenBLAS            97.84     190.79     199.99  0.000e+00 ref

  1024^3  (1024x1024 * 1024x1024)
  strategy              min     median        max       diff
  -------------------------------------------------------------
  8x8-family          36.99      59.81      67.09  0.000e+00
  16x-family          55.15      63.05     105.24  0.000e+00
  pico-avx            56.50      73.33     101.48  0.000e+00
  OpenBLAS            76.33     179.29     188.67  0.000e+00 ref

  wide 512x1024x2048  (512x1024 * 1024x2048)
  strategy              min     median        max       diff
  -------------------------------------------------------------
  8x8-family          31.42      34.00      34.40  0.000e+00
  16x-family          39.70      48.23      54.84  0.000e+00
  pico-avx            42.62      47.01      52.50  0.000e+00
  OpenBLAS            84.26     123.82     186.74  0.000e+00 ref

  tall 2048x1024x512  (2048x1024 * 1024x512)
  strategy              min     median        max       diff
  -------------------------------------------------------------
  8x8-family          56.71      59.00      66.76  0.000e+00
  16x-family          79.63      81.99     128.19  0.000e+00
  pico-avx            72.43      80.44     132.53  0.000e+00
  OpenBLAS           156.98     167.62     173.62  0.000e+00 ref

make: Leaving directory '/home/sijirama/Desktop/me/coder/pico/bench'
