make: Entering directory '/home/sijirama/Desktop/me/coder/pico/bench'
>> building matmul_focused_openblas  (-O2, OpenBLAS)
../src/tensor.c: In function ‘generate_random_floats_fast’:
../src/tensor.c:305:20: warning: dereferencing type-punned pointer will break strict-aliasing rules [-Wstrict-aliasing]
  305 |         float f = *(float*)&bits;
      |                    ^~~~~~~~~~~~~
>> running  matmul_focused_openblas


  ════════════════════════════════════════════════════════════

  ████  ███  ███   ███    
  █░░░█  █░░█ ░░░ █ ░░█   
  ████░░ █░░█░ ░░░█░ ░█░  
  █░░░░ ░█░░█░░   █░░ █░░ 
  █░░░░░███░ ███   ███ ░░ 
   ░░    ░░░  ░░░   ░░░ ░ 
    ░     ░░░  ░░░   ░░░  

  ════════════════════════════════════════════════════════════

Initialized the global thread pool
Initialized the global arena allocator (32 MiB)

  focused matmul benchmark   (warmup=2, samples=7, median shown, -O2)
  env: OMP_NUM_THREADS=4 OMP_PROC_BIND=(unset) OMP_PLACES=(unset)
  openmp: max_threads=4 num_procs=12 places=0
  affinity: 0 1 2 3 4 5 6 7 8 9 10 11
  BLAS provider: OpenBLAS
  GFLOP/s columns are min / median / max. Correctness diff is max abs vs reference.

  256^3  (256x256 * 256x256)
  strategy              min     median        max       diff
  -------------------------------------------------------------
  8x8-family         102.20     116.83     126.17  0.000e+00
  16x-family          92.04     123.54     142.36  0.000e+00
  pico-avx           116.41     139.47     142.34  0.000e+00
  OpenBLAS           132.10     149.30     152.68  0.000e+00 ref

  512^3  (512x512 * 512x512)
  strategy              min     median        max       diff
  -------------------------------------------------------------
  8x8-family         103.82     124.55     129.69  0.000e+00
  16x-family         104.93     127.19     138.83  0.000e+00
  pico-avx           113.37     124.17     140.47  0.000e+00
  OpenBLAS           128.97     133.00     143.78  0.000e+00 ref

  768^3  (768x768 * 768x768)
  strategy              min     median        max       diff
  -------------------------------------------------------------
  8x8-family          84.09      89.83     104.05  0.000e+00
  16x-family          92.39      98.41     105.58  0.000e+00
  pico-avx            93.11      98.28     104.57  0.000e+00
  OpenBLAS           103.30     109.21     117.11  0.000e+00 ref

  1024^3  (1024x1024 * 1024x1024)
  strategy              min     median        max       diff
  -------------------------------------------------------------
  8x8-family          40.77      44.49      62.22  0.000e+00
  16x-family          75.08      77.08      95.07  0.000e+00
  pico-avx            75.07      77.78     105.59  0.000e+00
  OpenBLAS           101.56     105.39     109.76  0.000e+00 ref

  wide 512x1024x2048  (512x1024 * 1024x2048)
  strategy              min     median        max       diff
  -------------------------------------------------------------
  8x8-family          40.56      42.27      47.82  0.000e+00
  16x-family          64.15      72.61      75.31  0.000e+00
  pico-avx            63.42      70.81      75.86  0.000e+00
  OpenBLAS            98.83     104.07     109.38  0.000e+00 ref

  tall 2048x1024x512  (2048x1024 * 1024x512)
  strategy              min     median        max       diff
  -------------------------------------------------------------
  8x8-family          62.42      62.96      76.46  0.000e+00
  16x-family          83.48      87.00      95.45  0.000e+00
  pico-avx            84.93      86.78     109.76  0.000e+00
  OpenBLAS            97.47      99.09     102.00  0.000e+00 ref

make: Leaving directory '/home/sijirama/Desktop/me/coder/pico/bench'
